yarn run v1.22.22
warning package.json: No license field
$ jest --runInBand
FAIL ./cherrywatch.test.js
  visual snapshots
    ✕ get visual snapshot of cherry watch map (3426 ms)

  ● visual snapshots › get visual snapshot of cherry watch map

    Expected image to match or be a close match to snapshot but was 0.22988505747126436% different from snapshot (471 differing pixels).
    See diff for details: /home/runner/work/cherrywatch/cherrywatch/__image_snapshots__/__diff_output__/cherrywatch-test-js-visual-snapshots-get-visual-snapshot-of-cherry-watch-map-1-diff.png

      41 |     });
      42 |
    > 43 |     expect(image).toMatchImageSnapshot();
         |                   ^
      44 |   });
      45 |
      46 |   afterAll(async () => {

      at Object.<anonymous> (cherrywatch.test.js:43:19)

 › 1 snapshot failed.
Snapshot Summary
 › 1 snapshot failed from 1 test suite. Inspect your code changes or run `yarn test -u` to update them.

Test Suites: 1 failed, 1 total
Tests:       1 failed, 1 total
Snapshots:   1 failed, 1 total
Time:        4.191 s
Ran all test suites.
error Command failed with exit code 1.
info Visit https://yarnpkg.com/en/docs/cli/run for documentation about this command.
